(x0Vx1)^(~x0V~x1)^(x2Vx3)^(~x2V~x3)^(x4Vx5)^(~x4V~x5)^(x6Vx7)^(~x6V~x7)^(x8Vx9)^(~x8V~x9)^(x10Vx11)^(~x10V~x11)^(x12Vx13)^(~x12V~x13)^(x14Vx15)^(~x14V~x15)^(x16Vx17)^(~x16V~x17)^(x18Vx19)^(~x18V~x19)^(x20Vx21)^(~x20V~x21)^(x22Vx23)^(~x22V~x23)^(x24Vx25)^(~x24V~x25)^(x26Vx27)^(~x26V~x27)^(x28Vx29)^(~x28V~x29)^(x30Vx31)^(~x30V~x31)^(~x10V~x12)^(~x11V~x13)^(~x2V~x10)^(~x3V~x11)^(~x2V~x8)^(~x3V~x9)^(~x6V~x10)^(~x7V~x11)^(~x2V~x12)^(~x3V~x13)^(~x8V~x12)^(~x9V~x13)
