(x0Vx1Vx2)^(~x0V~x1)^(~x0V~x2)^(~x1V~x2)^(x3Vx4Vx5)^(~x3V~x4)^(~x3V~x5)^(~x4V~x5)^(x6Vx7Vx8)^(~x6V~x7)^(~x6V~x8)^(~x7V~x8)^(x9Vx10Vx11)^(~x9V~x10)^(~x9V~x11)^(~x10V~x11)^(x12Vx13Vx14)^(~x12V~x13)^(~x12V~x14)^(~x13V~x14)^(x15Vx16Vx17)^(~x15V~x16)^(~x15V~x17)^(~x16V~x17)^(x18Vx19Vx20)^(~x18V~x19)^(~x18V~x20)^(~x19V~x20)^(x21Vx22Vx23)^(~x21V~x22)^(~x21V~x23)^(~x22V~x23)^(x24Vx25Vx26)^(~x24V~x25)^(~x24V~x26)^(~x25V~x26)^(x27Vx28Vx29)^(~x27V~x28)^(~x27V~x29)^(~x28V~x29)^(x30Vx31Vx32)^(~x30V~x31)^(~x30V~x32)^(~x31V~x32)^(x33Vx34Vx35)^(~x33V~x34)^(~x33V~x35)^(~x34V~x35)^(x36Vx37Vx38)^(~x36V~x37)^(~x36V~x38)^(~x37V~x38)^(x39Vx40Vx41)^(~x39V~x40)^(~x39V~x41)^(~x40V~x41)^(x42Vx43Vx44)^(~x42V~x43)^(~x42V~x44)^(~x43V~x44)^(x45Vx46Vx47)^(~x45V~x46)^(~x45V~x47)^(~x46V~x47)^(x48Vx49Vx50)^(~x48V~x49)^(~x48V~x50)^(~x49V~x50)^(x51Vx52Vx53)^(~x51V~x52)^(~x51V~x53)^(~x52V~x53)^(x54Vx55Vx56)^(~x54V~x55)^(~x54V~x56)^(~x55V~x56)^(x57Vx58Vx59)^(~x57V~x58)^(~x57V~x59)^(~x58V~x59)^(x60Vx61Vx62)^(~x60V~x61)^(~x60V~x62)^(~x61V~x62)^(x63Vx64Vx65)^(~x63V~x64)^(~x63V~x65)^(~x64V~x65)^(x66Vx67Vx68)^(~x66V~x67)^(~x66V~x68)^(~x67V~x68)^(~x3V~x6)^(~x4V~x7)^(~x5V~x8)^(~x3V~x15)^(~x4V~x16)^(~x5V~x17)^(~x9V~x15)^(~x10V~x16)^(~x11V~x17)^(~x6V~x9)^(~x7V~x10)^(~x8V~x11)^(~x3V~x9)^(~x4V~x10)^(~x5V~x11)^(~x6V~x15)^(~x7V~x16)^(~x8V~x17)
