(x0Vx1)^(~x0V~x1)^(x2Vx3)^(~x2V~x3)^(x4Vx5)^(~x4V~x5)^(~x0V~x2)^(~x1V~x3)^(~x2V~x4)^(~x3V~x5)^(~x4V~x0)^(~x5V~x1)
